
> womensafety-frontend@1.0.0 build
> react-scripts build

Creating an optimized production build...
Compiled with warnings.

[eslint] 
src\context\SOSContext.js
  Line 20:6:  React Hook useEffect has a missing dependency: 'checkActiveAlert'. Either include it or remove the dependency array  react-hooks/exhaustive-deps

src\pages\AdminPage.js
  Line 14:10:  'loading' is assigned a value but never used                                                                   no-unused-vars
  Line 17:58:  React Hook useEffect has a missing dependency: 'loadUsers'. Either include it or remove the dependency array   react-hooks/exhaustive-deps
  Line 18:60:  React Hook useEffect has a missing dependency: 'loadAlerts'. Either include it or remove the dependency array  react-hooks/exhaustive-deps

src\pages\DashboardPage.js
  Line 44:11:  'triggerSOS' is assigned a value but never used  no-unused-vars

src\pages\HistoryPage.js
  Line 21:39:  React Hook useEffect has a missing dependency: 'loadHistory'. Either include it or remove the dependency array  react-hooks/exhaustive-deps

src\pages\SOSPage.js
  Line 5:8:   'toast' is defined but never used                                                                             no-unused-vars
  Line 20:6:  React Hook useEffect has a missing dependency: 'holdTimer'. Either include it or remove the dependency array  react-hooks/exhaustive-deps

src\services\socket.js
  Line 45:1:  Assign object to a variable before exporting as module default  import/no-anonymous-default-export

Search for the keywords to learn more about each warning.
To ignore, add // eslint-disable-next-line to the line before.

File sizes after gzip:

  144.19 kB (+17 B)  build\static\js\main.81e65bf7.js
  7.48 kB            build\static\css\main.abb00f9c.css

The project was built assuming it is hosted at /.
You can control this with the homepage field in your package.json.

The build folder is ready to be deployed.
You may serve it with a static server:

  npm install -g serve
  serve -s build

Find out more about deployment here:

  https://cra.link/deployment

